INFO -- 2022-05-11 10:53:32,188: List has been used/created!
INFO -- 2022-05-11 11:00:38,789: TodoList was received/created by id!
INFO -- 2022-05-11 11:01:03,532: TodosByTodoList was used!
INFO -- 2022-05-13 20:15:06,262: List has been used/created!
INFO -- 2022-05-13 20:15:29,085: TodoList was received/created by id!
